// Jest Snapshot v1, https://goo.gl/fbAQLP

exports[`userReducer reducer should handle projectReducer.update 1`] = `Array []`;

exports[`userReducer reducer should return the initial state 1`] = `
Object {
  "projects": Array [],
}
`;
